  Camera.cpp
D:\Projects\OpenGLGraphics\OpenGL\InputHandler.h(11,14): warning C4091: 'typedef ': ignored on left of 'InputPoll' when no variable is declared
  (compiling source file 'Camera.cpp')
  
  Mesh.cpp
D:\Projects\OpenGLGraphics\OpenGL\InputHandler.h(11,14): warning C4091: 'typedef ': ignored on left of 'InputPoll' when no variable is declared
  (compiling source file 'Mesh.cpp')
  
D:\Projects\OpenGLGraphics\OpenGL\Mesh.cpp(79,43): warning C4267: 'argument': conversion from 'size_t' to 'GLsizei', possible loss of data
  Model.cpp
D:\Projects\OpenGLGraphics\OpenGL\InputHandler.h(11,14): warning C4091: 'typedef ': ignored on left of 'InputPoll' when no variable is declared
  (compiling source file 'Model.cpp')
  
D:\Projects\OpenGLGraphics\OpenGL\Model.cpp(297,90): warning C4267: 'argument': conversion from 'size_t' to 'GLuint', possible loss of data
D:\Projects\OpenGLGraphics\OpenGL\Model.cpp(304,92): warning C4267: 'argument': conversion from 'size_t' to 'GLuint', possible loss of data
  main.cpp
C:\Program Files\Microsoft Visual Studio\2022\Community\VC\Tools\MSVC\14.42.34433\include\filesystem(12): warning STL4038: The contents of <filesystem> are available only with C++17 or later.
D:\Projects\OpenGLGraphics\OpenGL\InputHandler.h(11,14): warning C4091: 'typedef ': ignored on left of 'InputPoll' when no variable is declared
  (compiling source file 'main.cpp')
  
D:\Projects\OpenGLGraphics\OpenGL\main.cpp(162,24): warning C4244: '=': conversion from 'double' to 'float', possible loss of data
D:\Projects\OpenGLGraphics\OpenGL\main.cpp(163,14): warning C4244: '=': conversion from 'double' to 'float', possible loss of data
  Generating Code...
glfw3.lib(input.obj) : warning LNK4099: PDB '' was not found with 'glfw3.lib(input.obj)' or at ''; linking object as if no debug info
glfw3.lib(init.obj) : warning LNK4099: PDB '' was not found with 'glfw3.lib(init.obj)' or at ''; linking object as if no debug info
glfw3.lib(window.obj) : warning LNK4099: PDB '' was not found with 'glfw3.lib(window.obj)' or at ''; linking object as if no debug info
glfw3.lib(context.obj) : warning LNK4099: PDB '' was not found with 'glfw3.lib(context.obj)' or at ''; linking object as if no debug info
glfw3.lib(win32_time.obj) : warning LNK4099: PDB '' was not found with 'glfw3.lib(win32_time.obj)' or at ''; linking object as if no debug info
glfw3.lib(win32_thread.obj) : warning LNK4099: PDB '' was not found with 'glfw3.lib(win32_thread.obj)' or at ''; linking object as if no debug info
glfw3.lib(platform.obj) : warning LNK4099: PDB '' was not found with 'glfw3.lib(platform.obj)' or at ''; linking object as if no debug info
glfw3.lib(monitor.obj) : warning LNK4099: PDB '' was not found with 'glfw3.lib(monitor.obj)' or at ''; linking object as if no debug info
glfw3.lib(vulkan.obj) : warning LNK4099: PDB '' was not found with 'glfw3.lib(vulkan.obj)' or at ''; linking object as if no debug info
glfw3.lib(win32_init.obj) : warning LNK4099: PDB '' was not found with 'glfw3.lib(win32_init.obj)' or at ''; linking object as if no debug info
glfw3.lib(null_init.obj) : warning LNK4099: PDB '' was not found with 'glfw3.lib(null_init.obj)' or at ''; linking object as if no debug info
glfw3.lib(win32_module.obj) : warning LNK4099: PDB '' was not found with 'glfw3.lib(win32_module.obj)' or at ''; linking object as if no debug info
glfw3.lib(win32_monitor.obj) : warning LNK4099: PDB '' was not found with 'glfw3.lib(win32_monitor.obj)' or at ''; linking object as if no debug info
glfw3.lib(win32_window.obj) : warning LNK4099: PDB '' was not found with 'glfw3.lib(win32_window.obj)' or at ''; linking object as if no debug info
glfw3.lib(win32_joystick.obj) : warning LNK4099: PDB '' was not found with 'glfw3.lib(win32_joystick.obj)' or at ''; linking object as if no debug info
glfw3.lib(wgl_context.obj) : warning LNK4099: PDB '' was not found with 'glfw3.lib(wgl_context.obj)' or at ''; linking object as if no debug info
glfw3.lib(egl_context.obj) : warning LNK4099: PDB '' was not found with 'glfw3.lib(egl_context.obj)' or at ''; linking object as if no debug info
glfw3.lib(osmesa_context.obj) : warning LNK4099: PDB '' was not found with 'glfw3.lib(osmesa_context.obj)' or at ''; linking object as if no debug info
glfw3.lib(null_monitor.obj) : warning LNK4099: PDB '' was not found with 'glfw3.lib(null_monitor.obj)' or at ''; linking object as if no debug info
glfw3.lib(null_window.obj) : warning LNK4099: PDB '' was not found with 'glfw3.lib(null_window.obj)' or at ''; linking object as if no debug info
glfw3.lib(null_joystick.obj) : warning LNK4099: PDB '' was not found with 'glfw3.lib(null_joystick.obj)' or at ''; linking object as if no debug info
  OpenGL.vcxproj -> D:\Projects\OpenGLGraphics\OpenGL\x64\Debug\OpenGL.exe
